
> rest-express@1.0.0 start
> NODE_ENV=production node dist/index.js
file:///app/dist/index.js:140
  throw new Error(
        ^
Error: DATABASE_URL must be set. Did you forget to provision a database?
    at file:///app/dist/index.js:140:9
    at ModuleJob.run (node:internal/modules/esm/module_job:195:25)
    at async ModuleLoader.import (node:internal/modules/esm/loader:337:24)
    at async loadESM (node:internal/process/esm_loader:34:7)
    at async handleMainPromise (node:internal/modules/run_main:106:12)
Node.js v18.20.5
npm warn config production Use `--omit=dev` instead.
> rest-express@1.0.0 db:push
> drizzle-kit push
No config path provided, using default 'drizzle.config.ts'
Reading config file '/app/drizzle.config.ts'
DATABASE_URL not set - database operations will fail
npm warn config production Use `--omit=dev` instead.
> rest-express@1.0.0 start
> NODE_ENV=production node dist/index.js
file:///app/dist/index.js:140
  throw new Error(
        ^
Error: DATABASE_URL must be set. Did you forget to provision a database?
    at file:///app/dist/index.js:140:9
    at ModuleJob.run (node:internal/modules/esm/module_job:195:25)
    at async ModuleLoader.import (node:internal/modules/esm/loader:337:24)
    at async loadESM (node:internal/process/esm_loader:34:7)
    at async handleMainPromise (node:internal/modules/run_main:106:12)
Node.js v18.20.5
npm warn config production Use `--omit=dev` instead.
> rest-express@1.0.0 db:push
> drizzle-kit push
No config path provided, using default 'drizzle.config.ts'
Reading config file '/app/drizzle.config.ts'
DATABASE_URL not set - database operations will fail
npm warn config production Use `--omit=dev` instead.
> rest-express@1.0.0 start
> NODE_ENV=production node dist/index.js
file:///app/dist/index.js:140
  throw new Error(
        ^
Error: DATABASE_URL must be set. Did you forget to provision a database?
    at file:///app/dist/index.js:140:9
    at ModuleJob.run (node:internal/modules/esm/module_job:195:25)
    at async ModuleLoader.import (node:internal/modules/esm/loader:337:24)
    at async loadESM (node:internal/process/esm_loader:34:7)
    at async handleMainPromise (node:internal/modules/run_main:106:12)
Node.js v18.20.5
npm warn config production Use `--omit=dev` instead.
> rest-express@1.0.0 db:push
> drizzle-kit push
No config path provided, using default 'drizzle.config.ts'
Reading config file '/app/drizzle.config.ts'
DATABASE_URL not set - database operations will fail
npm warn config production Use `--omit=dev` instead.
> rest-express@1.0.0 start
> NODE_ENV=production node dist/index.js
file:///app/dist/index.js:140
  throw new Error(
        ^
Error: DATABASE_URL must be set. Did you forget to provision a database?
    at file:///app/dist/index.js:140:9
    at ModuleJob.run (node:internal/modules/esm/module_job:195:25)
    at async ModuleLoader.import (node:internal/modules/esm/loader:337:24)
    at async loadESM (node:internal/process/esm_loader:34:7)
    at async handleMainPromise (node:internal/modules/run_main:106:12)
Node.js v18.20.5
npm warn config production Use `--omit=dev` instead.
> rest-express@1.0.0 db:push
> drizzle-kit push
DATABASE_URL not set - database operations will fail
No config path provided, using default 'drizzle.config.ts'
Reading config file '/app/drizzle.config.ts'
npm warn config production Use `--omit=dev` instead.
> rest-express@1.0.0 start
> NODE_ENV=production node dist/index.js
file:///app/dist/index.js:140
  throw new Error(
        ^
Error: DATABASE_URL must be set. Did you forget to provision a database?
    at file:///app/dist/index.js:140:9
    at ModuleJob.run (node:internal/modules/esm/module_job:195:25)
    at async ModuleLoader.import (node:internal/modules/esm/loader:337:24)
    at async loadESM (node:internal/process/esm_loader:34:7)
    at async handleMainPromise (node:internal/modules/run_main:106:12)
Node.js v18.20.5
Stopping Container